docker : time="2026-07-23T17:16:36-06:00" level=warning 
msg="C:\\Users\\VICTOR\\Documents\\GitHub\\cyclesjasana\\docker-compose.yml: the attribute `version` is obsolete, it 
will be ignored, please remove it to avoid potential confusion"
En línea: 1 Carácter: 1
+ docker compose run --rm odoo odoo -i cycles --test-enable --stop-afte ...
+ ~~~~~~~~~~~~~~~~~~~~~~~~~~~~~~~~~~~~~~~~~~~~~~~~~~~~~~~~~~~~~~~~~~~~~
    + CategoryInfo          : NotSpecified: (time="2026-07-2...tial confusion":String) [], RemoteException
    + FullyQualifiedErrorId : NativeCommandError
 
 Container cycles_db Running 
 Container odoo_cycles-odoo-run-f0fe0890c963 Creating 
 Container odoo_cycles-odoo-run-f0fe0890c963 Created 

